
The following have been reloaded with a version change:
  1) Python/3.9.12 => Python/3.10.2

SHAP is already installed.
Traceback (most recent call last):
  File "/scratch/j597s263/.local/pip/sklearn/__check_build/__init__.py", line 45, in <module>
    from ._check_build import check_build  # noqa
ModuleNotFoundError: No module named 'sklearn.__check_build._check_build'

During handling of the above exception, another exception occurred:

Traceback (most recent call last):
  File "/nfs/users/j597s263/SHAP_Project/Cluster_Scripts/clusterJob.py", line 8, in <module>
    import shap
  File "/scratch/j597s263/.local/pip/shap/__init__.py", line 1, in <module>
    from ._explanation import Cohorts, Explanation
  File "/scratch/j597s263/.local/pip/shap/_explanation.py", line 10, in <module>
    import sklearn
  File "/scratch/j597s263/.local/pip/sklearn/__init__.py", line 83, in <module>
    from . import (
  File "/scratch/j597s263/.local/pip/sklearn/__check_build/__init__.py", line 47, in <module>
    raise_build_error(e)
  File "/scratch/j597s263/.local/pip/sklearn/__check_build/__init__.py", line 31, in raise_build_error
    raise ImportError("""%s
ImportError: No module named 'sklearn.__check_build._check_build'
___________________________________________________________________________
Contents of /scratch/j597s263/.local/pip/sklearn/__check_build:
_check_build.cpython-39-x86_64-linux-gnu.so__pycache__               __init__.py
___________________________________________________________________________
It seems that scikit-learn has not been built correctly.

If you have installed scikit-learn from source, please do not forget
to build the package before using it: run `python setup.py install` or
`make` in the source directory.

If you have used an installer, please check that it is suited for your
Python version, your operating system and your platform.
